IdentifierName
Dot
IdentifierName
ParOpen
StringLiteral
ParClose
SemiColon
LineTerminator
IdentifierName
Dot
IdentifierName
ParOpen
StringLiteral
Comma
Whitespace
StringLiteral
ParClose
SemiColon
LineTerminator
StringLiteral
LineTerminator
StringLiteral
