IdentifierName
Dot
IdentifierName
ParOpen
StringLiteral
ParClose
SemiColon
