IdentifierName
Dot
IdentifierName
ParOpen
ParClose
SemiColon
